// Vitest Snapshot v1, https://vitest.dev/guide/snapshot.html

exports[`main > should update changelog 1`] = `
"# Changelog
ąęłó
All notable changes to this project will be documented in this file.

The format is based on [Keep a Changelog](https://keepachangelog.com/en/1.0.0/),
and this project adheres to [Semantic Versioning](https://semver.org/spec/v2.0.0.html).

## [Unreleased]

## [1.1.0] - 2023-12-02

### Added

- added 1.

## [1.0.1] - 2023-11-29

### Added

- added 2.

### Fixed

- fixed 1

### Changed

- changed 1

### Removed

- removed 1

[unreleased] https://github.com/test_owner/test_repository/compare/1.1.0...HEAD   
[1.1.0] https://github.com/test_owner/test_repository/compare/0...1.1.0   
[1.0.1] https://github.com/test_owner/test_repository/releases/tag/1.0.1   
"
`;
